// Jest Snapshot v1, https://goo.gl/fbAQLP

exports[`creates resources matching the snapshot 1`] = `
{
  "Resources": {
    "testFunctionAlarm403B59EF": {
      "Properties": {
        "AlarmDescription": "Event listener testFunction has failed to process an event.",
        "ComparisonOperator": "GreaterThanOrEqualToThreshold",
        "Dimensions": [
          {
            "Name": "QueueName",
            "Value": {
              "Fn::GetAtt": [
                "testFunctionDeadLetterQueue126C440D",
                "QueueName",
              ],
            },
          },
        ],
        "EvaluationPeriods": 1,
        "MetricName": "NumberOfMessagesReceived",
        "Namespace": "AWS/SQS",
        "Period": 300,
        "Statistic": "Sum",
        "Threshold": 1,
      },
      "Type": "AWS::CloudWatch::Alarm",
    },
    "testFunctionDeadLetterQueue126C440D": {
      "DeletionPolicy": "Delete",
      "Properties": {
        "MessageRetentionPeriod": 1209600,
      },
      "Type": "AWS::SQS::Queue",
      "UpdateReplacePolicy": "Delete",
    },
    "testFunctionDeadLetterQueuePolicyB029CBEC": {
      "Properties": {
        "PolicyDocument": {
          "Statement": [
            {
              "Action": "sqs:SendMessage",
              "Condition": {
                "ArnEquals": {
                  "aws:SourceArn": {
                    "Fn::GetAtt": [
                      "testFunctionRule4EC511D3",
                      "Arn",
                    ],
                  },
                },
              },
              "Effect": "Allow",
              "Principal": {
                "Service": "events.amazonaws.com",
              },
              "Resource": {
                "Fn::GetAtt": [
                  "testFunctionDeadLetterQueue126C440D",
                  "Arn",
                ],
              },
              "Sid": "AllowEventRuletestFunctionRule",
            },
          ],
          "Version": "2012-10-17",
        },
        "Queues": [
          {
            "Ref": "testFunctionDeadLetterQueue126C440D",
          },
        ],
      },
      "Type": "AWS::SQS::QueuePolicy",
    },
    "testFunctionLambda78269C17": {
      "DependsOn": [
        "testFunctionLambdaServiceRoleF9778236",
      ],
      "Properties": {
        "Code": {
          "S3Bucket": "cdk-lambda-nodejs-mock-fake-bucket",
          "S3Key": "cdk-lambda-nodejs-mock-fake-lambda.ts",
        },
        "MemorySize": 1024,
        "Role": {
          "Fn::GetAtt": [
            "testFunctionLambdaServiceRoleF9778236",
            "Arn",
          ],
        },
        "Runtime": "nodejs20.x",
      },
      "Type": "AWS::Lambda::Function",
    },
    "testFunctionLambdaServiceRoleF9778236": {
      "Properties": {
        "AssumeRolePolicyDocument": {
          "Statement": [
            {
              "Action": "sts:AssumeRole",
              "Effect": "Allow",
              "Principal": {
                "Service": "lambda.amazonaws.com",
              },
            },
          ],
          "Version": "2012-10-17",
        },
        "ManagedPolicyArns": [
          {
            "Fn::Join": [
              "",
              [
                "arn:",
                {
                  "Ref": "AWS::Partition",
                },
                ":iam::aws:policy/service-role/AWSLambdaBasicExecutionRole",
              ],
            ],
          },
        ],
      },
      "Type": "AWS::IAM::Role",
    },
    "testFunctionRule4EC511D3": {
      "Properties": {
        "EventPattern": {
          "detail-type": [
            "EventDetailTypeA",
          ],
        },
        "State": "ENABLED",
        "Targets": [
          {
            "Arn": {
              "Fn::GetAtt": [
                "testFunctionLambda78269C17",
                "Arn",
              ],
            },
            "DeadLetterConfig": {
              "Arn": {
                "Fn::GetAtt": [
                  "testFunctionDeadLetterQueue126C440D",
                  "Arn",
                ],
              },
            },
            "Id": "Target0",
          },
        ],
      },
      "Type": "AWS::Events::Rule",
    },
    "testFunctionRuleAllowEventRuletestFunctionLambdaD644A83C": {
      "Properties": {
        "Action": "lambda:InvokeFunction",
        "FunctionName": {
          "Fn::GetAtt": [
            "testFunctionLambda78269C17",
            "Arn",
          ],
        },
        "Principal": "events.amazonaws.com",
        "SourceArn": {
          "Fn::GetAtt": [
            "testFunctionRule4EC511D3",
            "Arn",
          ],
        },
      },
      "Type": "AWS::Lambda::Permission",
    },
  },
}
`;
