// Jest Snapshot v1, https://goo.gl/fbAQLP

exports[`creates resources matching the snapshot 1`] = `
Object {
  "Resources": Object {
    "testFunctionAlarm403B59EF": Object {
      "Properties": Object {
        "AlarmDescription": "Event listener testFunction has failed to process an event.",
        "ComparisonOperator": "GreaterThanOrEqualToThreshold",
        "Dimensions": Array [
          Object {
            "Name": "QueueName",
            "Value": Object {
              "Fn::GetAtt": Array [
                "testFunctionDeadLetterQueue126C440D",
                "QueueName",
              ],
            },
          },
        ],
        "EvaluationPeriods": 1,
        "MetricName": "NumberOfMessagesReceived",
        "Namespace": "AWS/SQS",
        "Period": 300,
        "Statistic": "Sum",
        "Threshold": 1,
      },
      "Type": "AWS::CloudWatch::Alarm",
    },
    "testFunctionDeadLetterQueue126C440D": Object {
      "DeletionPolicy": "Delete",
      "Properties": Object {
        "MessageRetentionPeriod": 1209600,
      },
      "Type": "AWS::SQS::Queue",
      "UpdateReplacePolicy": "Delete",
    },
    "testFunctionDeadLetterQueuePolicyB029CBEC": Object {
      "Properties": Object {
        "PolicyDocument": Object {
          "Statement": Array [
            Object {
              "Action": "sqs:SendMessage",
              "Condition": Object {
                "ArnEquals": Object {
                  "aws:SourceArn": Object {
                    "Fn::GetAtt": Array [
                      "testFunctionRule4EC511D3",
                      "Arn",
                    ],
                  },
                },
              },
              "Effect": "Allow",
              "Principal": Object {
                "Service": "events.amazonaws.com",
              },
              "Resource": Object {
                "Fn::GetAtt": Array [
                  "testFunctionDeadLetterQueue126C440D",
                  "Arn",
                ],
              },
              "Sid": "AllowEventRuletestFunctionRule",
            },
          ],
          "Version": "2012-10-17",
        },
        "Queues": Array [
          Object {
            "Ref": "testFunctionDeadLetterQueue126C440D",
          },
        ],
      },
      "Type": "AWS::SQS::QueuePolicy",
    },
    "testFunctionLambda78269C17": Object {
      "DependsOn": Array [
        "testFunctionLambdaServiceRoleF9778236",
      ],
      "Properties": Object {
        "Code": Object {
          "S3Bucket": "cdk-lambda-nodejs-mock-fake-bucket",
          "S3Key": "cdk-lambda-nodejs-mock-fake-lambda.ts",
        },
        "MemorySize": 1024,
        "Role": Object {
          "Fn::GetAtt": Array [
            "testFunctionLambdaServiceRoleF9778236",
            "Arn",
          ],
        },
        "Runtime": "nodejs14.x",
      },
      "Type": "AWS::Lambda::Function",
    },
    "testFunctionLambdaServiceRoleF9778236": Object {
      "Properties": Object {
        "AssumeRolePolicyDocument": Object {
          "Statement": Array [
            Object {
              "Action": "sts:AssumeRole",
              "Effect": "Allow",
              "Principal": Object {
                "Service": "lambda.amazonaws.com",
              },
            },
          ],
          "Version": "2012-10-17",
        },
        "ManagedPolicyArns": Array [
          Object {
            "Fn::Join": Array [
              "",
              Array [
                "arn:",
                Object {
                  "Ref": "AWS::Partition",
                },
                ":iam::aws:policy/service-role/AWSLambdaBasicExecutionRole",
              ],
            ],
          },
        ],
      },
      "Type": "AWS::IAM::Role",
    },
    "testFunctionRule4EC511D3": Object {
      "Properties": Object {
        "EventPattern": Object {
          "detail-type": Array [
            "EventDetailTypeA",
          ],
        },
        "State": "ENABLED",
        "Targets": Array [
          Object {
            "Arn": Object {
              "Fn::GetAtt": Array [
                "testFunctionLambda78269C17",
                "Arn",
              ],
            },
            "DeadLetterConfig": Object {
              "Arn": Object {
                "Fn::GetAtt": Array [
                  "testFunctionDeadLetterQueue126C440D",
                  "Arn",
                ],
              },
            },
            "Id": "Target0",
          },
        ],
      },
      "Type": "AWS::Events::Rule",
    },
    "testFunctionRuleAllowEventRuletestFunctionLambdaD644A83C": Object {
      "Properties": Object {
        "Action": "lambda:InvokeFunction",
        "FunctionName": Object {
          "Fn::GetAtt": Array [
            "testFunctionLambda78269C17",
            "Arn",
          ],
        },
        "Principal": "events.amazonaws.com",
        "SourceArn": Object {
          "Fn::GetAtt": Array [
            "testFunctionRule4EC511D3",
            "Arn",
          ],
        },
      },
      "Type": "AWS::Lambda::Permission",
    },
  },
}
`;
