// Jest Snapshot v1, https://goo.gl/fbAQLP

exports[`creates resources matching the snapshot 1`] = `
{
  "Resources": {
    "testFunction483F4CBE": {
      "DependsOn": [
        "testFunctionServiceRoleFEC29B6F",
      ],
      "Properties": {
        "Code": {
          "S3Bucket": "cdk-lambda-nodejs-mock-fake-bucket",
          "S3Key": "cdk-lambda-nodejs-mock-fake-lambda.ts",
        },
        "Handler": "index.handler",
        "MemorySize": 1024,
        "Role": {
          "Fn::GetAtt": [
            "testFunctionServiceRoleFEC29B6F",
            "Arn",
          ],
        },
        "Runtime": "nodejs20.x",
      },
      "Type": "AWS::Lambda::Function",
    },
    "testFunctionServiceRoleFEC29B6F": {
      "Properties": {
        "AssumeRolePolicyDocument": {
          "Statement": [
            {
              "Action": "sts:AssumeRole",
              "Effect": "Allow",
              "Principal": {
                "Service": "lambda.amazonaws.com",
              },
            },
          ],
          "Version": "2012-10-17",
        },
        "ManagedPolicyArns": [
          {
            "Fn::Join": [
              "",
              [
                "arn:",
                {
                  "Ref": "AWS::Partition",
                },
                ":iam::aws:policy/service-role/AWSLambdaBasicExecutionRole",
              ],
            ],
          },
        ],
      },
      "Type": "AWS::IAM::Role",
    },
  },
}
`;
